    Blocking waiting for file lock on artifact directory
   Compiling unicode-ident v1.0.24
   Compiling cfg-if v1.0.4
   Compiling memchr v2.8.0
   Compiling equivalent v1.0.2
   Compiling bitflags v2.11.0
   Compiling once_cell v1.21.3
   Compiling serde_core v1.0.228
   Compiling libc v0.2.182
   Compiling typeid v1.0.3
   Compiling shlex v1.3.0
   Compiling pin-project-lite v0.2.16
   Compiling libm v0.2.16
   Compiling smallvec v1.15.1
   Compiling proc-macro2 v1.0.106
   Compiling allocator-api2 v0.2.21
   Compiling foldhash v0.2.0
   Compiling futures-core v0.3.32
   Compiling cc v1.2.56
   Compiling crossbeam-utils v0.8.21
   Compiling simd-adler32 v0.3.8
   Compiling typenum v1.19.0
   Compiling adler2 v2.0.1
   Compiling quote v1.0.44
   Compiling hashbrown v0.16.1
   Compiling miniz_oxide v0.8.9
   Compiling syn v2.0.117
   Compiling futures-io v0.3.32
   Compiling itoa v1.0.17
   Compiling num-traits v0.2.19
   Compiling slab v0.4.12
   Compiling linux-raw-sys v0.12.1
   Compiling stable_deref_trait v1.2.1
   Compiling subtle v2.6.1
   Compiling winnow v0.7.14
   Compiling getrandom v0.2.17
   Compiling parking v2.2.1
   Compiling futures-sink v0.3.32
   Compiling arrayvec v0.7.6
   Compiling const-oid v0.9.6
   Compiling erased-serde v0.4.9
   Compiling serde_fmt v1.1.0
   Compiling indexmap v2.13.0
   Compiling rustix v1.1.4
   Compiling concurrent-queue v2.5.0
   Compiling aho-corasick v1.1.4
   Compiling value-bag-serde1 v1.12.0
   Compiling value-bag v1.12.0
   Compiling log v0.4.29
   Compiling scopeguard v1.2.0
   Compiling regex-syntax v0.8.10
   Compiling either v1.15.0
   Compiling lock_api v0.4.14
   Compiling siphasher v1.0.2
   Compiling atomic-waker v1.1.2
   Compiling gimli v0.32.3
   Compiling bytes v1.11.1
   Compiling zmij v1.0.21
   Compiling object v0.37.3
   Compiling tracing-core v0.1.36
   Compiling fixedbitset v0.4.2
   Compiling fastrand v2.3.0
   Compiling synstructure v0.13.2
   Compiling same-file v1.0.6
   Compiling rustc-demangle v0.1.27
   Compiling regex-automata v0.4.14
   Compiling walkdir v2.5.0
   Compiling petgraph v0.6.5
   Compiling futures-channel v0.3.32
   Compiling addr2line v0.25.1
   Compiling backtrace v0.3.76
   Compiling futures-task v0.3.32
   Compiling futures-lite v2.6.1
   Compiling event-listener v5.4.1
   Compiling parking_lot_core v0.9.12
   Compiling libloading v0.8.9
   Compiling event-listener-strategy v0.5.4
   Compiling bstr v1.12.1
   Compiling fnv v1.0.7
   Compiling dunce v1.0.5
   Compiling parking_lot v0.12.5
   Compiling polling v3.11.0
   Compiling mio v1.1.1
   Compiling async-task v4.7.1
   Compiling crc32fast v1.5.0
   Compiling crossbeam-epoch v0.9.18
   Compiling lazy_static v1.5.0
   Compiling crossbeam-deque v0.8.6
   Compiling async-channel v2.5.0
   Compiling ryu v1.0.23
   Compiling bitflags v1.3.2
   Compiling cpufeatures v0.2.17
   Compiling async-io v2.6.0
   Compiling http v1.4.0
   Compiling piper v0.2.4
   Compiling num-integer v0.1.46
   Compiling litemap v0.8.1
   Compiling writeable v0.6.2
   Compiling blocking v1.6.2
   Compiling anyhow v1.0.102
   Compiling flate2 v1.1.9
   Compiling async-lock v3.4.2
   Compiling toml_parser v1.0.9+spec-1.1.0
   Compiling toml_datetime v0.7.5+spec-1.1.0
   Compiling socket2 v0.6.2
   Compiling errno v0.3.14
   Compiling iana-time-zone v0.1.65
   Compiling percent-encoding v2.3.2
   Compiling globset v0.4.18
   Compiling signal-hook-registry v1.4.8
   Compiling serde_json v1.0.149
   Compiling getrandom v0.4.1
   Compiling http-body v1.0.1
   Compiling regex v1.12.3
   Compiling rustc-hash v2.1.1
   Compiling pin-utils v0.1.0
   Compiling icu_normalizer_data v2.1.1
   Compiling async-signal v0.2.13
   Compiling icu_properties_data v2.1.2
   Compiling num-bigint v0.4.6
   Compiling async-executor v1.14.0
   Compiling cmake v0.1.57
   Compiling strsim v0.11.1
   Compiling new_debug_unreachable v1.0.6
   Compiling fs_extra v1.3.0
   Compiling num-rational v0.4.2
   Compiling async-process v2.5.0
   Compiling rayon-core v1.13.0
   Compiling dlib v0.5.3
   Compiling phf_shared v0.11.3
   Compiling base64 v0.22.1
   Compiling aws-lc-sys v0.37.1
   Compiling unicase v2.9.0
   Compiling generic-array v0.14.7
   Compiling form_urlencoded v1.2.2
   Compiling core_maths v0.1.1
   Compiling sha1_smol v1.0.1
   Compiling utf8_iter v1.0.4
   Compiling darling_core v0.21.3
   Compiling uuid v1.21.0
   Compiling rayon v1.11.0
   Compiling getrandom v0.3.4
   Compiling toml_edit v0.23.10+spec-1.0.0
   Compiling ring v0.17.14
   Compiling wayland-backend v0.3.12
   Compiling itertools v0.14.0
   Compiling rand_core v0.6.4
   Compiling byteorder v1.5.0
   Compiling proc-macro-crate v3.4.0
   Compiling rand_core v0.9.5
   Compiling wayland-sys v0.31.8
   Compiling block-buffer v0.10.4
   Compiling crypto-common v0.1.7
   Compiling quick-xml v0.38.4
   Compiling nom v8.0.0
   Compiling encoding_rs v0.8.35
   Compiling linux-raw-sys v0.4.15
   Compiling downcast-rs v1.2.1
   Compiling scoped-tls v1.0.1
   Compiling rustix v0.38.44
   Compiling wayland-scanner v0.31.8
   Compiling digest v0.10.7
   Compiling async-fs v2.2.0
   Compiling euclid v0.22.13
   Compiling as-slice v0.2.1
   Compiling fdeflate v0.3.7
   Compiling openssl-probe v0.2.1
   Compiling home v0.5.12
   Compiling endi v1.1.1
   Compiling untrusted v0.9.0
   Compiling aligned v0.4.3
   Compiling sha2 v0.10.9
   Compiling nix v0.30.1
   Compiling slotmap v1.1.1
   Compiling ttf-parser v0.25.1
   Compiling openssl-sys v0.9.111
   Compiling ar_archive_writer v0.5.1
   Compiling collections v0.1.0 (https://github.com/zed-industries/zed#e4b827a7)
   Compiling memmap2 v0.9.10
   Compiling filetime v0.2.27
   Compiling core2 v0.4.0
   Compiling raw-window-handle v0.6.2
   Compiling deflate64 v0.1.10
   Compiling roxmltree v0.20.0
   Compiling compression-core v0.4.31
   Compiling try-lock v0.2.5
   Compiling tinyvec_macros v0.1.1
   Compiling tower-service v0.3.3
   Compiling quick-error v2.0.1
   Compiling unicode-width v0.2.2
   Compiling float-cmp v0.9.0
   Compiling y4m v0.8.0
   Compiling strict-num v0.1.1
   Compiling tinyvec v1.10.0
   Compiling want v0.3.1
   Compiling fontconfig-parser v0.5.8
   Compiling compression-codecs v0.4.37
   Compiling const-random-macro v0.1.16
   Compiling bitstream-io v4.9.0
   Compiling rust-embed-utils v8.11.0
   Compiling psm v0.1.30
   Compiling httparse v1.10.1
   Compiling lyon_geom v1.0.18
   Compiling maybe-rayon v0.1.1
   Compiling simd_helpers v0.1.0
   Compiling serde_derive_internals v0.29.1
   Compiling event-listener v2.5.3
   Compiling option-ext v0.2.0
   Compiling unicode-script v0.5.8
   Compiling serde_derive v1.0.228
   Compiling zeroize_derive v1.4.3
   Compiling zerocopy-derive v0.8.39
   Compiling bytemuck_derive v1.10.2
   Compiling zerofrom-derive v0.1.6
   Compiling thiserror-impl v2.0.18
   Compiling yoke-derive v0.8.1
   Compiling tracing-attributes v0.1.31
   Compiling futures-macro v0.3.32
   Compiling zeroize v1.8.2
   Compiling zerovec-derive v0.11.2
   Compiling bytemuck v1.25.0
   Compiling displaydoc v0.2.5
   Compiling tokio-macros v2.6.0
   Compiling thiserror v2.0.18
   Compiling zerocopy v0.8.39
   Compiling futures-util v0.3.32
   Compiling zerofrom v0.1.6
   Compiling thiserror-impl v1.0.69
   Compiling equator-macro v0.4.2
   Compiling yoke v0.8.1
   Compiling profiling-procmacros v1.0.17
   Compiling zerovec v0.11.5
   Compiling tinystr v0.8.2
   Compiling zerotrie v0.2.3
   Compiling icu_locale_core v2.1.1
   Compiling serde v1.0.228
   Compiling tracing v0.1.44
   Compiling potential_utf v0.1.4
   Compiling ppv-lite86 v0.2.21
   Compiling icu_collections v2.1.1
   Compiling icu_provider v2.1.1
   Compiling chrono v0.4.44
   Compiling half v2.7.1
   Compiling rustls-pki-types v1.14.0
   Compiling icu_normalizer v2.1.1
   Compiling icu_properties v2.1.2
   Compiling enumflags2_derive v0.7.12
   Compiling zvariant_utils v3.3.0
   Compiling profiling v1.0.17
   Compiling darling_macro v0.21.3
   Compiling idna_adapter v1.2.1
   Compiling tokio v1.49.0
   Compiling idna v1.1.0
   Compiling rand_chacha v0.9.0
   Compiling url v2.5.8
   Compiling serde_urlencoded v0.7.1
   Compiling futures-executor v0.3.32
   Compiling equator v0.4.2
   Compiling pin-project-internal v1.1.10
   Compiling aligned-vec v0.6.4
   Compiling v_frame v0.3.9
   Compiling darling v0.21.3
   Compiling futures v0.3.32
   Compiling rand v0.9.2
   Compiling wayland-client v0.31.12
   Compiling strum_macros v0.27.2
   Compiling arg_enum_proc_macro v0.3.4
   Compiling enumflags2 v0.7.12
   Compiling av1-grain v0.2.5
   Compiling rgb v0.8.53
   Compiling hmac v0.12.1
   Compiling fax_derive v0.2.0
   Compiling num-derive v0.4.2
   Compiling zvariant_derive v5.10.0
   Compiling thiserror v1.0.69
   Compiling tokio-util v0.7.18
   Compiling av-scenechange v0.14.1
   Compiling h2 v0.4.13
   Compiling ref-cast-impl v1.0.25
   Compiling imgref v1.12.0
   Compiling weezl v0.1.12
   Compiling base64ct v1.8.3
   Compiling zune-core v0.4.12
   Compiling arrayref v0.3.9
   Compiling tiny-skia-path v0.11.4
   Compiling rav1e v0.8.1
   Compiling zune-jpeg v0.4.21
   Compiling pem-rfc7468 v0.7.0
   Compiling fax v0.2.6
   Compiling hyper v1.8.1
   Compiling loop9 v0.1.5
   Compiling ref-cast v1.0.25
   Compiling schemars_derive v1.2.1
   Compiling block-padding v0.3.3
   Compiling serde_repr v0.1.20
   Compiling zvariant v5.10.0
   Compiling pin-project v1.1.10
   Compiling rust-embed-impl v8.11.0
   Compiling async-channel v1.9.0
   Compiling lyon_path v1.0.16
   Compiling arc-swap v1.8.2
   Compiling const-random v0.1.18
   Compiling fontdb v0.23.0
   Compiling async-compression v0.4.41
   Compiling phf_generator v0.11.3
   Compiling phf v0.11.3
   Compiling async-global-executor v2.4.1
   Compiling async-net v2.0.0
   Compiling stacker v0.1.23
   Compiling sharded-slab v0.1.7
   Compiling proc-macro-error-attr2 v2.0.0
   Compiling tracing-log v0.2.0
   Compiling kv-log-macro v1.0.7
   Compiling avif-serialize v0.8.8
   Compiling kurbo v0.11.3
   Compiling serde_bytes v0.11.19
   Compiling pxfm v0.1.27
   Compiling strum v0.27.2
   Compiling dirs-sys v0.3.7
   Compiling zune-inflate v0.2.54
   Compiling thread_local v1.1.9
   Compiling color_quant v1.1.0
   Compiling waker-fn v1.2.0
   Compiling toml_write v0.1.2
   Compiling fastrand v1.9.0
   Compiling foldhash v0.1.5
   Compiling dyn-clone v1.0.20
   Compiling nu-ansi-term v0.50.3
   Compiling zune-core v0.5.1
   Compiling bit_field v0.10.3
   Compiling unicode-properties v0.1.4
   Compiling unicode-bidi-mirroring v0.4.0
   Compiling unicode-ccc v0.4.0
   Compiling unicode-bidi v0.3.18
   Compiling byteorder-lite v0.1.0
   Compiling ipnet v2.11.0
   Compiling lebe v0.5.3
   Compiling bit-vec v0.8.0
   Compiling rustybuzz v0.20.1
   Compiling zune-jpeg v0.5.12
   Compiling exr v1.74.0
   Compiling hyper-util v0.1.20
   Compiling bit-set v0.8.0
   Compiling image-webp v0.2.4
   Compiling tracing-subscriber v0.3.22
   Compiling moxcms v0.7.11
   Compiling hashbrown v0.15.5
   Compiling futures-lite v1.13.0
   Compiling gif v0.14.1
   Compiling dirs v4.0.0
   Compiling rust-embed v8.11.0
   Compiling svgtypes v0.15.3
   Compiling ravif v0.12.0
   Compiling proc-macro-error2 v2.0.1
   Compiling async-std v1.13.2
   Compiling smol v2.0.2
   Compiling async_zip v0.0.18
   Compiling ahash v0.8.12
   Compiling schemars v1.2.1
   Compiling zbus_names v4.3.1
   Compiling pathfinder_simd v0.5.5
   Compiling nix v0.29.0
   Compiling inout v0.1.4
   Compiling tiff v0.10.3
   Compiling serde_json_lenient v0.2.4
   Compiling der v0.7.10
   Compiling ash v0.38.0+1.3.281
   Compiling wayland-protocols v0.32.10
   Compiling zlog v0.1.0 (https://github.com/zed-industries/zed#e4b827a7)
   Compiling rustls-native-certs v0.8.3
   Compiling command-fds v0.3.2
   Compiling qoi v0.4.1
   Compiling codespan-reporting v0.12.0
   Compiling which v6.0.3
   Compiling png v0.17.16
   Compiling png v0.18.1
   Compiling mime_guess v2.0.5
   Compiling tempfile v3.26.0
   Compiling num-iter v0.1.45
   Compiling spin v0.9.8
   Compiling simplecss v0.2.2
   Compiling nanorand v0.7.0
   Compiling xattr v0.2.3
   Compiling sync_wrapper v1.0.2
   Compiling gpu-descriptor-types v0.2.0
   Compiling spirv v0.3.0+sdk-1.3.268.0
   Compiling unicode-vo v0.1.0
   Compiling pico-args v0.5.0
   Compiling presser v0.3.1
   Compiling data-url v0.3.2
   Compiling float_next_after v1.0.0
   Compiling static_assertions v1.1.0
   Compiling take-until v0.2.0
   Compiling rustc-hash v1.1.0
   Compiling imagesize v0.13.0
   Compiling tower-layer v0.3.3
   Compiling xmlwriter v0.1.0
   Compiling hexf-parse v0.2.1
   Compiling foreign-types-shared v0.1.1
   Compiling derive_more v0.99.20
   Compiling foreign-types v0.3.2
   Compiling naga v28.0.0
   Compiling usvg v0.45.1
   Compiling tower v0.5.3
   Compiling openssl v0.10.75
   Compiling util v0.1.0 (https://github.com/zed-industries/zed#e4b827a7)
   Compiling ztracing v0.1.0 (https://github.com/zed-industries/zed#e4b827a7)
   Compiling lyon_tessellation v1.0.16
   Compiling dtor v0.0.6
   Compiling gpu-descriptor v0.3.2
   Compiling gpu-allocator v0.28.0
   Compiling async-tar v0.5.1
   Compiling flume v0.11.1
   Compiling image v0.25.9
   Compiling perf v0.1.0 (https://github.com/zed-industries/zed#e4b827a7)
   Compiling tiny-skia v0.11.4
   Compiling spki v0.7.3
   Compiling cipher v0.4.4
   Compiling zbus_macros v5.14.0
   Compiling pathfinder_geometry v0.5.1
   Compiling ignore v0.4.25
   Compiling stacksafe-macro v0.1.4
   Compiling khronos-egl v6.0.0
   Compiling phf_codegen v0.11.3
   Compiling string_cache_codegen v0.5.4
   Compiling lyon_algorithms v1.0.16
   Compiling webpki-roots v1.0.6
   Compiling hex v0.4.3
   Compiling wgpu-types v28.0.0
   Compiling async-trait v0.1.89
   Compiling derive_refineable v0.1.0 (https://github.com/zed-industries/zed#e4b827a7)
   Compiling openssl-macros v0.1.1
   Compiling async-recursion v1.1.1
   Compiling http-body-util v0.1.3
   Compiling async-broadcast v0.7.2
   Compiling ordered-float v5.1.0
   Compiling num-complex v0.4.6
   Compiling inotify-sys v0.1.5
   Compiling crossbeam-queue v0.3.12
   Compiling ordered-stream v0.2.0
   Compiling pollster v0.2.5
   Compiling mac v0.1.1
   Compiling atomic v0.5.3
   Compiling mime v0.3.17
   Compiling grid v0.18.0
   Compiling renderdoc-sys v1.1.0
   Compiling svg_fmt v0.4.5
   Compiling unsafe-libyaml v0.2.11
   Compiling glow v0.16.0
   Compiling etagere v0.2.15
   Compiling http_client v0.1.0 (https://github.com/zed-industries/zed#e4b827a7)
   Compiling refineable v0.1.0 (https://github.com/zed-industries/zed#e4b827a7)
   Compiling wgpu-hal v28.0.0
   Compiling ctor v0.4.3
   Compiling taffy v0.9.0
   Compiling postage v0.5.0
   Compiling native-tls v0.2.18
   Compiling futf v0.1.5
   Compiling num v0.4.3
   Compiling markup5ever v0.12.1
   Compiling lyon v1.0.16
   Compiling stacksafe v0.1.4
   Compiling globwalk v0.8.1
   Compiling resvg v0.45.1
   Compiling util_macros v0.1.0 (https://github.com/zed-industries/zed#e4b827a7)
   Compiling aws-lc-rs v1.16.0
   Compiling rustls v0.23.37
   Compiling pkcs8 v0.10.2
   Compiling scheduler v0.1.0 (https://github.com/zed-industries/zed#e4b827a7)
   Compiling sum_tree v0.1.0 (https://github.com/zed-industries/zed#e4b827a7)
   Compiling serde_spanned v0.6.9
   Compiling toml_datetime v0.6.11
   Compiling font-types v0.11.0
   Compiling rustls-webpki v0.103.9
   Compiling font-types v0.10.1
   Compiling gpui_macros v0.1.0 (https://github.com/zed-industries/zed#e4b827a7)
   Compiling zbus v5.14.0
   Compiling ff v0.13.1
   Compiling freetype-sys v0.20.1
   Compiling spin v0.10.0
   Compiling num_cpus v1.17.0
   Compiling as-raw-xcb-connection v1.0.1
   Compiling seahash v4.1.0
   Compiling precomputed-hash v0.1.1
   Compiling circular-buffer v1.2.0
   Compiling xcursor v0.3.10
   Compiling inventory v0.3.22
   Compiling hashbrown v0.14.5
   Compiling tokio-rustls v0.26.4
   Compiling base16ct v0.2.0
   Compiling hyper-rustls v0.27.7
   Compiling utf-8 v0.7.6
   Compiling sec1 v0.7.3
   Compiling tendril v0.4.3
   Compiling string_cache v0.8.9
   Compiling group v0.13.0
   Compiling read-fonts v0.35.0
   Compiling read-fonts v0.37.0
   Compiling toml_edit v0.22.27
   Compiling wgpu-core-deps-windows-linux-android v28.0.0
   Compiling num-bigint-dig v0.9.1
   Compiling cbc v0.1.2
   Compiling aes v0.8.4
   Compiling triomphe v0.1.15
   Compiling ashpd v0.13.2
   Compiling hkdf v0.12.4
   Compiling pbkdf2 v0.12.2
   Compiling enumset_derive v0.14.0
   Compiling rand_chacha v0.3.1
   Compiling md-5 v0.10.6
   Compiling crypto-bigint v0.5.5
   Compiling enum-map-derive v0.17.0
   Compiling gethostname v1.1.0
   Compiling serde_spanned v1.0.4
   Compiling x11rb-protocol v0.13.2
   Compiling gpui v0.2.2 (https://github.com/zed-industries/zed#e4b827a7)
   Compiling normpath v1.5.0
   Compiling base62 v2.2.3
   Compiling itertools v0.11.0
   Compiling enum-map v2.7.3
   Compiling enumset v1.1.10
   Compiling elliptic-curve v0.13.8
   Compiling oo7 v0.6.0
   Compiling rand v0.8.5
   Compiling skrifa v0.37.0
   Compiling x11rb v0.13.2
   Compiling toml v0.8.23
   Compiling wgpu-core v28.0.0
   Compiling tokio-native-tls v0.3.1
   Compiling libdbus-sys v0.2.7
   Compiling portable-atomic v1.13.1
   Compiling serde_yaml v0.9.34+deprecated
   Compiling ustr v1.1.0
   Compiling relative-path v2.0.1
   Compiling html5ever v0.27.0
   Compiling dirs-sys v0.5.0
   Compiling dirs-sys v0.4.1
   Compiling tree-sitter v0.25.10
   Compiling serde-untagged v0.1.9
   Compiling is-docker v0.2.0
   Compiling urlencoding v2.1.3
   Compiling iri-string v0.7.10
   Compiling yazi v0.2.1
   Compiling zeno v0.3.3
   Compiling powerfmt v0.2.0
   Compiling unicode-segmentation v1.12.0
   Compiling zed-font-kit v0.14.1-zed (https://github.com/zed-industries/font-kit?rev=110523127440aefb11ce0cf280ae7c5071337ec5#11052312)
   Compiling swash v0.2.6
   Compiling deranged v0.5.8
   Compiling tower-http v0.6.8
   Compiling wgpu v28.0.0
   Compiling schema v0.1.0 (/home/anthony/Documents/vs/rust/Pandora/PandoraLauncher/crates/schema)
   Compiling is-wsl v0.4.0
   Compiling dirs v5.0.1
   Compiling rust-i18n-support v3.1.5
   Compiling dbus v0.9.10
   Compiling hyper-tls v0.6.0
   Compiling xim-parser v0.2.1 (https://github.com/zed-industries/xim-rs.git?rev=16f35a2c881b815a2b6cdfd6687988e84f8447d8#16f35a2c)
   Compiling skrifa v0.40.0
   Compiling harfrust v0.5.0
   Compiling yeslogic-fontconfig-sys v6.0.0
   Compiling rust-i18n v3.1.5
   Compiling tree-sitter-language v0.1.7
   Compiling rfc6979 v0.4.0
   Compiling ownable-macro v0.6.3
   Compiling calloop v0.14.4
   Compiling signature v2.2.0
   Compiling xim-ctext v0.3.0 (https://github.com/zed-industries/xim-rs.git?rev=16f35a2c881b815a2b6cdfd6687988e84f8447d8#16f35a2c)
   Compiling libsqlite3-sys v0.36.0
   Compiling tree-sitter-json v0.24.8
   Compiling instant v0.1.13
   Compiling num-conv v0.2.0
   Compiling self_cell v1.2.2
   Compiling rangemap v1.7.1
   Compiling smol_str v0.3.5
   Compiling sys-locale v0.3.2
   Compiling pathdiff v0.2.3
   Compiling xkeysym v0.2.1
   Compiling utf8parse v0.2.2
   Compiling float-ord v0.3.2
   Compiling linebender_resource_handle v0.1.1
   Compiling unicode-linebreak v0.1.5
   Compiling time-core v0.1.8
   Compiling rust-i18n-macro v3.1.5
   Compiling time v0.3.47
   Compiling cosmic-text v0.17.2
   Compiling xkbcommon v0.8.0
   Compiling anstyle-parse v0.2.7
   Compiling open v5.3.3
   Compiling notify-types v1.0.1
   Compiling ownable v0.6.2
   Compiling calloop-wayland-source v0.4.1
   Compiling zed-xim v0.4.0-zed (https://github.com/zed-industries/xim-rs.git?rev=16f35a2c881b815a2b6cdfd6687988e84f8447d8#16f35a2c)
   Compiling ecdsa v0.16.9
   Compiling dbus-secret-service v4.1.0
   Compiling reqwest v0.12.28
   Compiling gpui_wgpu v0.1.0 (https://github.com/zed-industries/zed#e4b827a7)
   Compiling atomic-time v0.1.5
   Compiling xml5ever v0.18.1
   Compiling x11-clipboard v0.9.3
   Compiling primeorder v0.13.6
   Compiling toml v0.9.12+spec-1.1.0
   Compiling wayland-cursor v0.31.12
   Compiling inotify v0.10.2
   Compiling inotify v0.11.0
   Compiling wayland-protocols-plasma v0.3.10
   Compiling wayland-protocols-wlr v0.3.10
   Compiling oem_cp v2.1.2
   Compiling filedescriptor v0.8.3
   Compiling tokio-socks v0.5.2
   Compiling rustls-pemfile v2.2.0
   Compiling atomic_enum v0.3.0
   Compiling enum-iterator-derive v1.5.0
   Compiling chardetng v0.1.17
   Compiling sanitize-filename v0.6.0
   Compiling fluent-uri v0.1.4
   Compiling serde_path_to_error v0.1.20
   Compiling linux-keyutils v0.2.4
   Compiling notify-types v2.1.0
   Compiling str_indices v0.4.4
   Compiling is_terminal_polyfill v1.70.2
   Compiling any_ascii v0.1.7
   Compiling base64 v0.13.1
   Compiling unicode-id v0.3.6
   Compiling winnow v0.5.40
   Compiling streaming-iterator v0.1.9
   Compiling anstyle v1.0.13
   Compiling crc-catalog v2.4.0
   Compiling anstyle-query v1.1.5
   Compiling oval v2.0.0
   Compiling workspace-hack v0.1.0
   Compiling colorchoice v1.0.4
   Compiling zed-sum-tree v0.2.0
   Compiling anstream v0.6.21
   Compiling crc v3.4.0
   Compiling markdown v1.0.0
   Compiling gpui-component v0.5.1 (https://github.com/longbridge/gpui-component.git?rev=19e95aaed1ff05a717ec487661bd981fa7aeb28b#19e95aae)
   Compiling cvlib v0.1.2
   Compiling rc-zip v5.4.1
   Compiling lexical-sort v0.3.1
   Compiling ropey v2.0.0-beta.1
   Compiling notify v8.2.0
   Compiling keyring v3.6.3
   Compiling bridge v0.1.0 (/home/anthony/Documents/vs/rust/Pandora/PandoraLauncher/crates/bridge)
   Compiling oauth2 v5.0.0
   Compiling lsp-types v0.97.0
   Compiling gpui_linux v0.1.0 (https://github.com/zed-industries/zed#e4b827a7)
   Compiling zed-reqwest v0.12.15-zed (https://github.com/zed-industries/reqwest.git?rev=c15662463bda39148ba154100dd44d3fba5873a4#c1566246)
   Compiling enum-iterator v2.3.0
   Compiling notify v7.0.0
   Compiling winresource v0.1.30
   Compiling p256 v0.13.2
   Compiling markup5ever_rcdom v0.3.0
   Compiling memoffset v0.9.1
   Compiling nt-time v0.12.1
   Compiling directories v6.0.0
   Compiling rustls-platform-verifier v0.5.3
   Compiling dashmap v5.5.3
   Compiling serde_with_macros v3.17.0
   Compiling gpui-component-macros v0.5.1 (https://github.com/longbridge/gpui-component.git?rev=19e95aaed1ff05a717ec487661bd981fa7aeb28b#19e95aae)
   Compiling which v4.4.2
   Compiling positioned-io v0.3.5
   Compiling hash32 v0.3.1
   Compiling xattr v1.6.1
   Compiling itertools v0.13.0
   Compiling hashlink v0.11.0
   Compiling crossbeam-channel v0.5.15
   Compiling obfstr v0.4.4
   Compiling tagptr v0.2.0
   Compiling clap_lex v1.0.0
   Compiling cesu8 v1.1.0
   Compiling fallible-streaming-iterator v0.1.9
   Compiling file-id v0.2.3
   Compiling env_home v0.1.0
   Compiling fallible-iterator v0.3.0
   Compiling toml_writer v1.0.6+spec-1.1.0
   Compiling xml v1.2.1
   Compiling which v7.0.3
   Compiling notify-debouncer-full v0.6.0
   Compiling mini-moka v0.10.3
   Compiling serde-xml-rs v0.8.2
   Compiling clap_builder v4.5.60
   Compiling nbt v0.1.0 (/home/anthony/Documents/vs/rust/Pandora/PandoraLauncher/crates/nbt)
   Compiling auth v0.1.0 (/home/anthony/Documents/vs/rust/Pandora/PandoraLauncher/crates/auth)
   Compiling tar v0.4.44
   Compiling heapless v0.9.2
   Compiling rc-zip-sync v4.4.2
   Compiling reqwest_client v0.4.0-preview0 (/home/anthony/Documents/vs/rust/Pandora/PandoraLauncher/crates/reqwest_client)
   Compiling runas v1.2.0
   Compiling intrusive-collections v0.9.7
   Compiling gpui_platform v0.1.0 (https://github.com/zed-industries/zed#e4b827a7)
   Compiling pandora_launcher v0.1.0 (/home/anthony/Documents/vs/rust/Pandora/PandoraLauncher/crates/pandora_launcher)
   Compiling lzma-rs v0.3.0
   Compiling dirs v6.0.0
   Compiling os_info v3.14.0
   Compiling sha1 v0.10.6
   Compiling serde_with v3.17.0
   Compiling clap_derive v4.5.55
   Compiling console v0.16.2
   Compiling versions v7.0.0
   Compiling colored v2.2.0
   Compiling lru v0.16.3
   Compiling unit-prefix v0.5.2
   Compiling shell-words v1.1.1
   Compiling minisign-verify v0.2.4
   Compiling formatx v0.2.4
   Compiling ascii v1.1.0
   Compiling ftree v1.2.0 (/home/anthony/Documents/vs/rust/Pandora/PandoraLauncher/crates/ftree)
   Compiling xmlparser v0.13.6
   Compiling native-dialog v0.9.6
   Compiling indicatif v0.18.4
   Compiling fern v0.7.1
   Compiling humantime v2.3.0
   Compiling frontend v0.1.0 (/home/anthony/Documents/vs/rust/Pandora/PandoraLauncher/crates/frontend)
warning: unused import: `MetadataResult`
 --> crates/frontend/src/modals/create_server.rs:3:88
  |
3 | ..., MessageToBackend}, meta::{MetadataResult}, modal_action::ModalAction};
  |                                ^^^^^^^^^^^^^^
  |
  = note: `#[warn(unused_imports)]` (part of `#[warn(unused)]`) on by default

warning: unused variable: `is_viewed`
    --> crates/frontend/src/game_output/mod.rs:1597:17
     |
1597 |             let is_viewed = self.active_instance_id == Some(instance_id);
     |                 ^^^^^^^^^ help: if this is intentional, prefix it with an underscore: `_is_viewed`
     |
     = note: `#[warn(unused_variables)]` (part of `#[warn(unused)]`) on by default

warning: unused variable: `window`
   --> crates/frontend/src/modals/create_server.rs:222:65
    |
222 | ...ut self, software: &str, window: &mut Window, cx: &mut Context<Self>) {
    |                             ^^^^^^ help: if this is intentional, prefix it with an underscore: `_window`

warning: unused variable: `server_name`
  --> crates/frontend/src/pages/instance/server_page.rs:77:29
   |
77 |                         let server_name = server_name.clone();
   |                             ^^^^^^^^^^^ help: if this is intentional, prefix it with an underscore: `_server_name`

warning: unused variable: `window`
   --> crates/frontend/src/pages/instance/settings_subpage.rs:153:58
    |
153 |         cx.observe_in(instance, window, |page, instance, window, cx| {
    |                                                          ^^^^^^ help: if this is intentional, prefix it with an underscore: `_window`

   Compiling clap v4.5.60
warning: `frontend` (lib) generated 5 warnings (run `cargo fix --lib -p frontend` to apply 5 suggestions)
